[     215ms] [INFO] %cDownload the React DevTools for a better development experience: https://react.dev/link/react-devtools font-weight:bold @ http://localhost:3000/_next/static/chunks/0aq__next_dist_0maxcm2._.js:2489
[     285ms] [LOG] [HMR] connected @ http://localhost:3000/_next/static/chunks/0aq__next_dist_0maxcm2._.js:2489
[   79534ms] [INFO] %cDownload the React DevTools for a better development experience: https://react.dev/link/react-devtools font-weight:bold @ http://localhost:3000/_next/static/chunks/0aq__next_dist_0maxcm2._.js:2489
[   79557ms] [LOG] [HMR] connected @ http://localhost:3000/_next/static/chunks/0aq__next_dist_0maxcm2._.js:2489
[   79694ms] [ERROR] Failed to load resource: the server responded with a status of 404 (Not Found) @ http://localhost:3000/api/feed/usr_3b3aa583:0
[   79696ms] [ERROR] Live feed fetch failed, falling back to mock: Error: API failed
    at TodayPage.useEffect.fetchFeed (http://localhost:3000/_next/static/chunks/web_0k1jc-i._.js:1013:44) @ http://localhost:3000/_next/static/chunks/0aq__next_dist_0maxcm2._.js:3330
[   79766ms] [ERROR] Failed to load resource: the server responded with a status of 404 (Not Found) @ http://localhost:3000/api/self/usr_3b3aa583/stream:0
[  108853ms] [ERROR] Failed to load resource: the server responded with a status of 404 (Not Found) @ http://localhost:3000/api/demo/advance:0
[  542680ms] [LOG] [Fast Refresh] rebuilding @ http://localhost:3000/_next/static/chunks/0aq__next_dist_0maxcm2._.js:2489
[  542742ms] [LOG] [Fast Refresh] done in 90ms @ http://localhost:3000/_next/static/chunks/0aq__next_dist_0maxcm2._.js:2489
[  641944ms] [LOG] [HMR] connected @ http://localhost:3000/_next/static/chunks/0aq__next_dist_0maxcm2._.js:2489
[  643225ms] [INFO] %cDownload the React DevTools for a better development experience: https://react.dev/link/react-devtools font-weight:bold @ http://localhost:3000/_next/static/chunks/0aq__next_dist_0maxcm2._.js:2489
[  643250ms] [LOG] [HMR] connected @ http://localhost:3000/_next/static/chunks/0aq__next_dist_0maxcm2._.js:2489
[  673413ms] [ERROR] Failed to load resource: the server responded with a status of 500 (Internal Server Error) @ http://localhost:3000/api/feed/usr_3b3aa583:0
[  673414ms] [ERROR] Live feed fetch failed, falling back to mock: Error: API failed
    at TodayPage.useEffect.fetchFeed (http://localhost:3000/_next/static/chunks/web_0k1jc-i._.js:1013:44) @ http://localhost:3000/_next/static/chunks/0aq__next_dist_0maxcm2._.js:3330
[  673601ms] [LOG] [Fast Refresh] rebuilding @ http://localhost:3000/_next/static/chunks/0aq__next_dist_0maxcm2._.js:2489
[  673736ms] [LOG] [Fast Refresh] done in 235ms @ http://localhost:3000/_next/static/chunks/0aq__next_dist_0maxcm2._.js:2489
[  687859ms] [INFO] %cDownload the React DevTools for a better development experience: https://react.dev/link/react-devtools font-weight:bold @ http://localhost:3000/_next/static/chunks/0aq__next_dist_0maxcm2._.js:2489
[  687881ms] [LOG] [HMR] connected @ http://localhost:3000/_next/static/chunks/0aq__next_dist_0maxcm2._.js:2489
[  740400ms] [LOG] [Fast Refresh] rebuilding @ http://localhost:3000/_next/static/chunks/0aq__next_dist_0maxcm2._.js:2489
[  740418ms] [LOG] [Fast Refresh] done in 123ms @ http://localhost:3000/_next/static/chunks/0aq__next_dist_0maxcm2._.js:2489
[  819380ms] [LOG] [Fast Refresh] rebuilding @ http://localhost:3000/_next/static/chunks/0aq__next_dist_0maxcm2._.js:2489
[  819605ms] [LOG] [Fast Refresh] done in 217ms @ http://localhost:3000/_next/static/chunks/0aq__next_dist_0maxcm2._.js:2489
[  819659ms] [ERROR] Failed to load resource: the server responded with a status of 404 (Not Found) @ http://localhost:3000/api/feed/usr_e2oc6p:0
[  819659ms] [ERROR] Live feed fetch failed, falling back to mock: Error: API failed
    at TodayPage.useEffect.fetchFeed (http://localhost:3000/_next/static/chunks/web_0k1jc-i._.js?id=%255Bproject%255D%252Fweb%252Fapp%252Ftoday%252Fpage.tsx+%255Bapp-client%255D+%2528ecmascript%2529:66:44) @ http://localhost:3000/_next/static/chunks/0aq__next_dist_0maxcm2._.js:3330
[  822076ms] [LOG] [Fast Refresh] rebuilding @ http://localhost:3000/_next/static/chunks/0aq__next_dist_0maxcm2._.js:2489
[  822166ms] [LOG] [Fast Refresh] done in 74ms @ http://localhost:3000/_next/static/chunks/0aq__next_dist_0maxcm2._.js:2489
[  829304ms] [LOG] [Fast Refresh] rebuilding @ http://localhost:3000/_next/static/chunks/0aq__next_dist_0maxcm2._.js:2489
[  829316ms] [LOG] [Fast Refresh] done in 112ms @ http://localhost:3000/_next/static/chunks/0aq__next_dist_0maxcm2._.js:2489
[  829372ms] [INFO] %cDownload the React DevTools for a better development experience: https://react.dev/link/react-devtools font-weight:bold @ http://localhost:3000/_next/static/chunks/0aq__next_dist_0maxcm2._.js:2489
[  829394ms] [LOG] [HMR] connected @ http://localhost:3000/_next/static/chunks/0aq__next_dist_0maxcm2._.js:2489
[  841311ms] [LOG] [Fast Refresh] rebuilding @ http://localhost:3000/_next/static/chunks/0aq__next_dist_0maxcm2._.js:2489
[  841311ms] [LOG] [Fast Refresh] done in 101ms @ http://localhost:3000/_next/static/chunks/0aq__next_dist_0maxcm2._.js:2489
[  844787ms] [LOG] [Fast Refresh] rebuilding @ http://localhost:3000/_next/static/chunks/0aq__next_dist_0maxcm2._.js:2489
[  844825ms] [LOG] [Fast Refresh] done in 138ms @ http://localhost:3000/_next/static/chunks/0aq__next_dist_0maxcm2._.js:2489
[  854818ms] [INFO] %cDownload the React DevTools for a better development experience: https://react.dev/link/react-devtools font-weight:bold @ http://localhost:3000/_next/static/chunks/0aq__next_dist_0maxcm2._.js:2489
[  854842ms] [LOG] [HMR] connected @ http://localhost:3000/_next/static/chunks/0aq__next_dist_0maxcm2._.js:2489
[  860081ms] [ERROR] Failed to load resource: the server responded with a status of 404 (Not Found) @ http://localhost:3000/api/feed/usr_5h77ta:0
[  860081ms] [ERROR] Live feed fetch failed, falling back to mock: Error: API failed
    at TodayPage.useEffect.fetchFeed (http://localhost:3000/_next/static/chunks/web_0k1jc-i._.js:1013:44) @ http://localhost:3000/_next/static/chunks/0aq__next_dist_0maxcm2._.js:3330
[  882579ms] [INFO] %cDownload the React DevTools for a better development experience: https://react.dev/link/react-devtools font-weight:bold @ http://localhost:3000/_next/static/chunks/0aq__next_dist_0maxcm2._.js:2489
[  882596ms] [LOG] [HMR] connected @ http://localhost:3000/_next/static/chunks/0aq__next_dist_0maxcm2._.js:2489
[  999635ms] [INFO] %cDownload the React DevTools for a better development experience: https://react.dev/link/react-devtools font-weight:bold @ http://localhost:3000/_next/static/chunks/0aq__next_dist_0maxcm2._.js:2489
[  999651ms] [LOG] [HMR] connected @ http://localhost:3000/_next/static/chunks/0aq__next_dist_0maxcm2._.js:2489
[ 1037226ms] [ERROR] Failed to load resource: the server responded with a status of 404 (Not Found) @ http://localhost:3000/api/feed/usr_aef5853f:0
[ 1037226ms] [ERROR] Live feed fetch failed, falling back to mock: Error: API failed
    at TodayPage.useEffect.fetchFeed (http://localhost:3000/_next/static/chunks/web_0k1jc-i._.js:1013:44) @ http://localhost:3000/_next/static/chunks/0aq__next_dist_0maxcm2._.js:3330
[ 1191614ms] [LOG] [Fast Refresh] rebuilding @ http://localhost:3000/_next/static/chunks/0aq__next_dist_0maxcm2._.js:2489
[ 1191987ms] [LOG] [Fast Refresh] done in 267ms @ http://localhost:3000/_next/static/chunks/0aq__next_dist_0maxcm2._.js:2489
[ 1413971ms] [LOG] [Fast Refresh] rebuilding @ http://localhost:3000/_next/static/chunks/0aq__next_dist_0maxcm2._.js:2489
[ 1413997ms] [LOG] [Fast Refresh] done in 129ms @ http://localhost:3000/_next/static/chunks/0aq__next_dist_0maxcm2._.js:2489
[ 1414046ms] [INFO] %cDownload the React DevTools for a better development experience: https://react.dev/link/react-devtools font-weight:bold @ http://localhost:3000/_next/static/chunks/0aq__next_dist_0maxcm2._.js:2489
[ 1414074ms] [LOG] [HMR] connected @ http://localhost:3000/_next/static/chunks/0aq__next_dist_0maxcm2._.js:2489
[ 1652455ms] [LOG] [Fast Refresh] rebuilding @ http://localhost:3000/_next/static/chunks/0aq__next_dist_0maxcm2._.js:2489
[ 1652654ms] [LOG] [Fast Refresh] done in 78ms @ http://localhost:3000/_next/static/chunks/0aq__next_dist_0maxcm2._.js:2489
[ 1659109ms] [LOG] [Fast Refresh] rebuilding @ http://localhost:3000/_next/static/chunks/0aq__next_dist_0maxcm2._.js:2489
[ 1659273ms] [LOG] [Fast Refresh] done in 42ms @ http://localhost:3000/_next/static/chunks/0aq__next_dist_0maxcm2._.js:2489
[ 1812949ms] [LOG] [Fast Refresh] rebuilding @ http://localhost:3000/_next/static/chunks/0aq__next_dist_0maxcm2._.js:2489
[ 1812966ms] [LOG] [Fast Refresh] done in 122ms @ http://localhost:3000/_next/static/chunks/0aq__next_dist_0maxcm2._.js:2489
[ 1814826ms] [ERROR] Encountered two children with the same key, `%s`. Keys should be unique so that components maintain their identity across updates. Non-unique keys may cause children to be duplicated and/or omitted — the behavior is unsupported and could change in a future version. cand_sd_1_897a7e @ http://localhost:3000/_next/static/chunks/0aq__next_dist_0maxcm2._.js:3330
[ 1814826ms] [ERROR] Encountered two children with the same key, `%s`. Keys should be unique so that components maintain their identity across updates. Non-unique keys may cause children to be duplicated and/or omitted — the behavior is unsupported and could change in a future version. cand_sd_1_9d34be @ http://localhost:3000/_next/static/chunks/0aq__next_dist_0maxcm2._.js:3330
[ 1814846ms] [ERROR] Encountered two children with the same key, `%s`. Keys should be unique so that components maintain their identity across updates. Non-unique keys may cause children to be duplicated and/or omitted — the behavior is unsupported and could change in a future version. cand_sd_1_897a7e @ http://localhost:3000/_next/static/chunks/0aq__next_dist_0maxcm2._.js:3330
[ 1814846ms] [ERROR] Encountered two children with the same key, `%s`. Keys should be unique so that components maintain their identity across updates. Non-unique keys may cause children to be duplicated and/or omitted — the behavior is unsupported and could change in a future version. cand_sd_1_9d34be @ http://localhost:3000/_next/static/chunks/0aq__next_dist_0maxcm2._.js:3330
[ 1814944ms] [LOG] [Fast Refresh] rebuilding @ http://localhost:3000/_next/static/chunks/0aq__next_dist_0maxcm2._.js:2489
[ 1814959ms] [LOG] [Fast Refresh] done in 120ms @ http://localhost:3000/_next/static/chunks/0aq__next_dist_0maxcm2._.js:2489
[ 1816531ms] [LOG] [Fast Refresh] rebuilding @ http://localhost:3000/_next/static/chunks/0aq__next_dist_0maxcm2._.js:2489
[ 1816603ms] [LOG] [Fast Refresh] done in 175ms @ http://localhost:3000/_next/static/chunks/0aq__next_dist_0maxcm2._.js:2489
[ 1816754ms] [INFO] %cDownload the React DevTools for a better development experience: https://react.dev/link/react-devtools font-weight:bold @ http://localhost:3000/_next/static/chunks/0aq__next_dist_0maxcm2._.js:2489
[ 1816768ms] [LOG] [HMR] connected @ http://localhost:3000/_next/static/chunks/0aq__next_dist_0maxcm2._.js:2489
[ 1817957ms] [ERROR] Encountered two children with the same key, `%s`. Keys should be unique so that components maintain their identity across updates. Non-unique keys may cause children to be duplicated and/or omitted — the behavior is unsupported and could change in a future version. cand_sd_1_897a7e @ http://localhost:3000/_next/static/chunks/0aq__next_dist_0maxcm2._.js:3330
[ 1817957ms] [ERROR] Encountered two children with the same key, `%s`. Keys should be unique so that components maintain their identity across updates. Non-unique keys may cause children to be duplicated and/or omitted — the behavior is unsupported and could change in a future version. cand_sd_1_9d34be @ http://localhost:3000/_next/static/chunks/0aq__next_dist_0maxcm2._.js:3330
[ 1817957ms] [ERROR] Encountered two children with the same key, `%s`. Keys should be unique so that components maintain their identity across updates. Non-unique keys may cause children to be duplicated and/or omitted — the behavior is unsupported and could change in a future version. cand_sd_1_897a7e @ http://localhost:3000/_next/static/chunks/0aq__next_dist_0maxcm2._.js:3330
[ 1817957ms] [ERROR] Encountered two children with the same key, `%s`. Keys should be unique so that components maintain their identity across updates. Non-unique keys may cause children to be duplicated and/or omitted — the behavior is unsupported and could change in a future version. cand_sd_1_9d34be @ http://localhost:3000/_next/static/chunks/0aq__next_dist_0maxcm2._.js:3330
[ 1817980ms] [ERROR] Encountered two children with the same key, `%s`. Keys should be unique so that components maintain their identity across updates. Non-unique keys may cause children to be duplicated and/or omitted — the behavior is unsupported and could change in a future version. cand_sd_1_897a7e @ http://localhost:3000/_next/static/chunks/0aq__next_dist_0maxcm2._.js:3330
[ 1817980ms] [ERROR] Encountered two children with the same key, `%s`. Keys should be unique so that components maintain their identity across updates. Non-unique keys may cause children to be duplicated and/or omitted — the behavior is unsupported and could change in a future version. cand_sd_1_9d34be @ http://localhost:3000/_next/static/chunks/0aq__next_dist_0maxcm2._.js:3330
[ 1817980ms] [ERROR] Encountered two children with the same key, `%s`. Keys should be unique so that components maintain their identity across updates. Non-unique keys may cause children to be duplicated and/or omitted — the behavior is unsupported and could change in a future version. cand_sd_1_897a7e @ http://localhost:3000/_next/static/chunks/0aq__next_dist_0maxcm2._.js:3330
[ 1817980ms] [ERROR] Encountered two children with the same key, `%s`. Keys should be unique so that components maintain their identity across updates. Non-unique keys may cause children to be duplicated and/or omitted — the behavior is unsupported and could change in a future version. cand_sd_1_9d34be @ http://localhost:3000/_next/static/chunks/0aq__next_dist_0maxcm2._.js:3330
[ 1821950ms] [ERROR] Encountered two children with the same key, `%s`. Keys should be unique so that components maintain their identity across updates. Non-unique keys may cause children to be duplicated and/or omitted — the behavior is unsupported and could change in a future version. cand_sd_1_897a7e @ http://localhost:3000/_next/static/chunks/0aq__next_dist_0maxcm2._.js:3330
[ 1821950ms] [ERROR] Encountered two children with the same key, `%s`. Keys should be unique so that components maintain their identity across updates. Non-unique keys may cause children to be duplicated and/or omitted — the behavior is unsupported and could change in a future version. cand_sd_1_9d34be @ http://localhost:3000/_next/static/chunks/0aq__next_dist_0maxcm2._.js:3330
[ 1821951ms] [ERROR] Encountered two children with the same key, `%s`. Keys should be unique so that components maintain their identity across updates. Non-unique keys may cause children to be duplicated and/or omitted — the behavior is unsupported and could change in a future version. cand_sd_1_897a7e @ http://localhost:3000/_next/static/chunks/0aq__next_dist_0maxcm2._.js:3330
[ 1821951ms] [ERROR] Encountered two children with the same key, `%s`. Keys should be unique so that components maintain their identity across updates. Non-unique keys may cause children to be duplicated and/or omitted — the behavior is unsupported and could change in a future version. cand_sd_1_9d34be @ http://localhost:3000/_next/static/chunks/0aq__next_dist_0maxcm2._.js:3330
[ 1824124ms] [ERROR] Encountered two children with the same key, `%s`. Keys should be unique so that components maintain their identity across updates. Non-unique keys may cause children to be duplicated and/or omitted — the behavior is unsupported and could change in a future version. cand_sd_1_897a7e @ http://localhost:3000/_next/static/chunks/0aq__next_dist_0maxcm2._.js:3330
[ 1824125ms] [ERROR] Encountered two children with the same key, `%s`. Keys should be unique so that components maintain their identity across updates. Non-unique keys may cause children to be duplicated and/or omitted — the behavior is unsupported and could change in a future version. cand_sd_1_9d34be @ http://localhost:3000/_next/static/chunks/0aq__next_dist_0maxcm2._.js:3330
[ 1824125ms] [ERROR] Encountered two children with the same key, `%s`. Keys should be unique so that components maintain their identity across updates. Non-unique keys may cause children to be duplicated and/or omitted — the behavior is unsupported and could change in a future version. cand_sd_1_897a7e @ http://localhost:3000/_next/static/chunks/0aq__next_dist_0maxcm2._.js:3330
[ 1824125ms] [ERROR] Encountered two children with the same key, `%s`. Keys should be unique so that components maintain their identity across updates. Non-unique keys may cause children to be duplicated and/or omitted — the behavior is unsupported and could change in a future version. cand_sd_1_9d34be @ http://localhost:3000/_next/static/chunks/0aq__next_dist_0maxcm2._.js:3330
[ 1824125ms] [ERROR] Encountered two children with the same key, `%s`. Keys should be unique so that components maintain their identity across updates. Non-unique keys may cause children to be duplicated and/or omitted — the behavior is unsupported and could change in a future version. cand_sd_1_897a7e @ http://localhost:3000/_next/static/chunks/0aq__next_dist_0maxcm2._.js:3330
[ 1824125ms] [ERROR] Encountered two children with the same key, `%s`. Keys should be unique so that components maintain their identity across updates. Non-unique keys may cause children to be duplicated and/or omitted — the behavior is unsupported and could change in a future version. cand_sd_1_9d34be @ http://localhost:3000/_next/static/chunks/0aq__next_dist_0maxcm2._.js:3330
[ 1824146ms] [ERROR] Encountered two children with the same key, `%s`. Keys should be unique so that components maintain their identity across updates. Non-unique keys may cause children to be duplicated and/or omitted — the behavior is unsupported and could change in a future version. cand_sd_1_897a7e @ http://localhost:3000/_next/static/chunks/0aq__next_dist_0maxcm2._.js:3330
[ 1824146ms] [ERROR] Encountered two children with the same key, `%s`. Keys should be unique so that components maintain their identity across updates. Non-unique keys may cause children to be duplicated and/or omitted — the behavior is unsupported and could change in a future version. cand_sd_1_9d34be @ http://localhost:3000/_next/static/chunks/0aq__next_dist_0maxcm2._.js:3330
[ 1824146ms] [ERROR] Encountered two children with the same key, `%s`. Keys should be unique so that components maintain their identity across updates. Non-unique keys may cause children to be duplicated and/or omitted — the behavior is unsupported and could change in a future version. cand_sd_1_897a7e @ http://localhost:3000/_next/static/chunks/0aq__next_dist_0maxcm2._.js:3330
[ 1824146ms] [ERROR] Encountered two children with the same key, `%s`. Keys should be unique so that components maintain their identity across updates. Non-unique keys may cause children to be duplicated and/or omitted — the behavior is unsupported and could change in a future version. cand_sd_1_9d34be @ http://localhost:3000/_next/static/chunks/0aq__next_dist_0maxcm2._.js:3330
[ 1824146ms] [ERROR] Encountered two children with the same key, `%s`. Keys should be unique so that components maintain their identity across updates. Non-unique keys may cause children to be duplicated and/or omitted — the behavior is unsupported and could change in a future version. cand_sd_1_897a7e @ http://localhost:3000/_next/static/chunks/0aq__next_dist_0maxcm2._.js:3330
[ 1824146ms] [ERROR] Encountered two children with the same key, `%s`. Keys should be unique so that components maintain their identity across updates. Non-unique keys may cause children to be duplicated and/or omitted — the behavior is unsupported and could change in a future version. cand_sd_1_9d34be @ http://localhost:3000/_next/static/chunks/0aq__next_dist_0maxcm2._.js:3330
[ 1826161ms] [LOG] [Fast Refresh] rebuilding @ http://localhost:3000/_next/static/chunks/0aq__next_dist_0maxcm2._.js:2489
[ 1826225ms] [LOG] [Fast Refresh] done in 166ms @ http://localhost:3000/_next/static/chunks/0aq__next_dist_0maxcm2._.js:2489
[ 1827828ms] [ERROR] Encountered two children with the same key, `%s`. Keys should be unique so that components maintain their identity across updates. Non-unique keys may cause children to be duplicated and/or omitted — the behavior is unsupported and could change in a future version. cand_sd_1_897a7e @ http://localhost:3000/_next/static/chunks/0aq__next_dist_0maxcm2._.js:3330
[ 1827828ms] [ERROR] Encountered two children with the same key, `%s`. Keys should be unique so that components maintain their identity across updates. Non-unique keys may cause children to be duplicated and/or omitted — the behavior is unsupported and could change in a future version. cand_sd_1_9d34be @ http://localhost:3000/_next/static/chunks/0aq__next_dist_0maxcm2._.js:3330
[ 1827828ms] [ERROR] Encountered two children with the same key, `%s`. Keys should be unique so that components maintain their identity across updates. Non-unique keys may cause children to be duplicated and/or omitted — the behavior is unsupported and could change in a future version. cand_sd_1_897a7e @ http://localhost:3000/_next/static/chunks/0aq__next_dist_0maxcm2._.js:3330
[ 1827828ms] [ERROR] Encountered two children with the same key, `%s`. Keys should be unique so that components maintain their identity across updates. Non-unique keys may cause children to be duplicated and/or omitted — the behavior is unsupported and could change in a future version. cand_sd_1_9d34be @ http://localhost:3000/_next/static/chunks/0aq__next_dist_0maxcm2._.js:3330
[ 1827828ms] [ERROR] Encountered two children with the same key, `%s`. Keys should be unique so that components maintain their identity across updates. Non-unique keys may cause children to be duplicated and/or omitted — the behavior is unsupported and could change in a future version. cand_sd_1_897a7e @ http://localhost:3000/_next/static/chunks/0aq__next_dist_0maxcm2._.js:3330
[ 1827828ms] [ERROR] Encountered two children with the same key, `%s`. Keys should be unique so that components maintain their identity across updates. Non-unique keys may cause children to be duplicated and/or omitted — the behavior is unsupported and could change in a future version. cand_sd_1_9d34be @ http://localhost:3000/_next/static/chunks/0aq__next_dist_0maxcm2._.js:3330
[ 1827828ms] [ERROR] Encountered two children with the same key, `%s`. Keys should be unique so that components maintain their identity across updates. Non-unique keys may cause children to be duplicated and/or omitted — the behavior is unsupported and could change in a future version. cand_sd_1_897a7e @ http://localhost:3000/_next/static/chunks/0aq__next_dist_0maxcm2._.js:3330
[ 1827829ms] [ERROR] Encountered two children with the same key, `%s`. Keys should be unique so that components maintain their identity across updates. Non-unique keys may cause children to be duplicated and/or omitted — the behavior is unsupported and could change in a future version. cand_sd_1_9d34be @ http://localhost:3000/_next/static/chunks/0aq__next_dist_0maxcm2._.js:3330
[ 1827848ms] [ERROR] Encountered two children with the same key, `%s`. Keys should be unique so that components maintain their identity across updates. Non-unique keys may cause children to be duplicated and/or omitted — the behavior is unsupported and could change in a future version. cand_sd_1_897a7e @ http://localhost:3000/_next/static/chunks/0aq__next_dist_0maxcm2._.js:3330
[ 1827848ms] [ERROR] Encountered two children with the same key, `%s`. Keys should be unique so that components maintain their identity across updates. Non-unique keys may cause children to be duplicated and/or omitted — the behavior is unsupported and could change in a future version. cand_sd_1_9d34be @ http://localhost:3000/_next/static/chunks/0aq__next_dist_0maxcm2._.js:3330
[ 1827848ms] [ERROR] Encountered two children with the same key, `%s`. Keys should be unique so that components maintain their identity across updates. Non-unique keys may cause children to be duplicated and/or omitted — the behavior is unsupported and could change in a future version. cand_sd_1_897a7e @ http://localhost:3000/_next/static/chunks/0aq__next_dist_0maxcm2._.js:3330
[ 1827848ms] [ERROR] Encountered two children with the same key, `%s`. Keys should be unique so that components maintain their identity across updates. Non-unique keys may cause children to be duplicated and/or omitted — the behavior is unsupported and could change in a future version. cand_sd_1_9d34be @ http://localhost:3000/_next/static/chunks/0aq__next_dist_0maxcm2._.js:3330
[ 1827848ms] [ERROR] Encountered two children with the same key, `%s`. Keys should be unique so that components maintain their identity across updates. Non-unique keys may cause children to be duplicated and/or omitted — the behavior is unsupported and could change in a future version. cand_sd_1_897a7e @ http://localhost:3000/_next/static/chunks/0aq__next_dist_0maxcm2._.js:3330
[ 1827848ms] [ERROR] Encountered two children with the same key, `%s`. Keys should be unique so that components maintain their identity across updates. Non-unique keys may cause children to be duplicated and/or omitted — the behavior is unsupported and could change in a future version. cand_sd_1_9d34be @ http://localhost:3000/_next/static/chunks/0aq__next_dist_0maxcm2._.js:3330
[ 1827849ms] [ERROR] Encountered two children with the same key, `%s`. Keys should be unique so that components maintain their identity across updates. Non-unique keys may cause children to be duplicated and/or omitted — the behavior is unsupported and could change in a future version. cand_sd_1_897a7e @ http://localhost:3000/_next/static/chunks/0aq__next_dist_0maxcm2._.js:3330
[ 1827849ms] [ERROR] Encountered two children with the same key, `%s`. Keys should be unique so that components maintain their identity across updates. Non-unique keys may cause children to be duplicated and/or omitted — the behavior is unsupported and could change in a future version. cand_sd_1_9d34be @ http://localhost:3000/_next/static/chunks/0aq__next_dist_0maxcm2._.js:3330
[ 1837920ms] [INFO] %cDownload the React DevTools for a better development experience: https://react.dev/link/react-devtools font-weight:bold @ http://localhost:3000/_next/static/chunks/0aq__next_dist_0maxcm2._.js:2489
[ 1837937ms] [LOG] [HMR] connected @ http://localhost:3000/_next/static/chunks/0aq__next_dist_0maxcm2._.js:2489
[ 1839050ms] [ERROR] Encountered two children with the same key, `%s`. Keys should be unique so that components maintain their identity across updates. Non-unique keys may cause children to be duplicated and/or omitted — the behavior is unsupported and could change in a future version. cand_sd_1_897a7e @ http://localhost:3000/_next/static/chunks/0aq__next_dist_0maxcm2._.js:3330
[ 1839050ms] [ERROR] Encountered two children with the same key, `%s`. Keys should be unique so that components maintain their identity across updates. Non-unique keys may cause children to be duplicated and/or omitted — the behavior is unsupported and could change in a future version. cand_sd_1_9d34be @ http://localhost:3000/_next/static/chunks/0aq__next_dist_0maxcm2._.js:3330
[ 1839051ms] [ERROR] Encountered two children with the same key, `%s`. Keys should be unique so that components maintain their identity across updates. Non-unique keys may cause children to be duplicated and/or omitted — the behavior is unsupported and could change in a future version. cand_sd_1_897a7e @ http://localhost:3000/_next/static/chunks/0aq__next_dist_0maxcm2._.js:3330
[ 1839051ms] [ERROR] Encountered two children with the same key, `%s`. Keys should be unique so that components maintain their identity across updates. Non-unique keys may cause children to be duplicated and/or omitted — the behavior is unsupported and could change in a future version. cand_sd_1_9d34be @ http://localhost:3000/_next/static/chunks/0aq__next_dist_0maxcm2._.js:3330
[ 1839051ms] [ERROR] Encountered two children with the same key, `%s`. Keys should be unique so that components maintain their identity across updates. Non-unique keys may cause children to be duplicated and/or omitted — the behavior is unsupported and could change in a future version. cand_sd_1_897a7e @ http://localhost:3000/_next/static/chunks/0aq__next_dist_0maxcm2._.js:3330
[ 1839051ms] [ERROR] Encountered two children with the same key, `%s`. Keys should be unique so that components maintain their identity across updates. Non-unique keys may cause children to be duplicated and/or omitted — the behavior is unsupported and could change in a future version. cand_sd_1_9d34be @ http://localhost:3000/_next/static/chunks/0aq__next_dist_0maxcm2._.js:3330
[ 1839051ms] [ERROR] Encountered two children with the same key, `%s`. Keys should be unique so that components maintain their identity across updates. Non-unique keys may cause children to be duplicated and/or omitted — the behavior is unsupported and could change in a future version. cand_sd_1_897a7e @ http://localhost:3000/_next/static/chunks/0aq__next_dist_0maxcm2._.js:3330
[ 1839051ms] [ERROR] Encountered two children with the same key, `%s`. Keys should be unique so that components maintain their identity across updates. Non-unique keys may cause children to be duplicated and/or omitted — the behavior is unsupported and could change in a future version. cand_sd_1_9d34be @ http://localhost:3000/_next/static/chunks/0aq__next_dist_0maxcm2._.js:3330
[ 1839051ms] [ERROR] Encountered two children with the same key, `%s`. Keys should be unique so that components maintain their identity across updates. Non-unique keys may cause children to be duplicated and/or omitted — the behavior is unsupported and could change in a future version. cand_sd_1_897a7e @ http://localhost:3000/_next/static/chunks/0aq__next_dist_0maxcm2._.js:3330
[ 1839051ms] [ERROR] Encountered two children with the same key, `%s`. Keys should be unique so that components maintain their identity across updates. Non-unique keys may cause children to be duplicated and/or omitted — the behavior is unsupported and could change in a future version. cand_sd_1_9d34be @ http://localhost:3000/_next/static/chunks/0aq__next_dist_0maxcm2._.js:3330
[ 1839081ms] [ERROR] Encountered two children with the same key, `%s`. Keys should be unique so that components maintain their identity across updates. Non-unique keys may cause children to be duplicated and/or omitted — the behavior is unsupported and could change in a future version. cand_sd_1_897a7e @ http://localhost:3000/_next/static/chunks/0aq__next_dist_0maxcm2._.js:3330
[ 1839081ms] [ERROR] Encountered two children with the same key, `%s`. Keys should be unique so that components maintain their identity across updates. Non-unique keys may cause children to be duplicated and/or omitted — the behavior is unsupported and could change in a future version. cand_sd_1_9d34be @ http://localhost:3000/_next/static/chunks/0aq__next_dist_0maxcm2._.js:3330
[ 1839081ms] [ERROR] Encountered two children with the same key, `%s`. Keys should be unique so that components maintain their identity across updates. Non-unique keys may cause children to be duplicated and/or omitted — the behavior is unsupported and could change in a future version. cand_sd_1_897a7e @ http://localhost:3000/_next/static/chunks/0aq__next_dist_0maxcm2._.js:3330
[ 1839081ms] [ERROR] Encountered two children with the same key, `%s`. Keys should be unique so that components maintain their identity across updates. Non-unique keys may cause children to be duplicated and/or omitted — the behavior is unsupported and could change in a future version. cand_sd_1_9d34be @ http://localhost:3000/_next/static/chunks/0aq__next_dist_0maxcm2._.js:3330
[ 1839081ms] [ERROR] Encountered two children with the same key, `%s`. Keys should be unique so that components maintain their identity across updates. Non-unique keys may cause children to be duplicated and/or omitted — the behavior is unsupported and could change in a future version. cand_sd_1_897a7e @ http://localhost:3000/_next/static/chunks/0aq__next_dist_0maxcm2._.js:3330
[ 1839082ms] [ERROR] Encountered two children with the same key, `%s`. Keys should be unique so that components maintain their identity across updates. Non-unique keys may cause children to be duplicated and/or omitted — the behavior is unsupported and could change in a future version. cand_sd_1_9d34be @ http://localhost:3000/_next/static/chunks/0aq__next_dist_0maxcm2._.js:3330
[ 1839082ms] [ERROR] Encountered two children with the same key, `%s`. Keys should be unique so that components maintain their identity across updates. Non-unique keys may cause children to be duplicated and/or omitted — the behavior is unsupported and could change in a future version. cand_sd_1_897a7e @ http://localhost:3000/_next/static/chunks/0aq__next_dist_0maxcm2._.js:3330
[ 1839082ms] [ERROR] Encountered two children with the same key, `%s`. Keys should be unique so that components maintain their identity across updates. Non-unique keys may cause children to be duplicated and/or omitted — the behavior is unsupported and could change in a future version. cand_sd_1_9d34be @ http://localhost:3000/_next/static/chunks/0aq__next_dist_0maxcm2._.js:3330
[ 1839082ms] [ERROR] Encountered two children with the same key, `%s`. Keys should be unique so that components maintain their identity across updates. Non-unique keys may cause children to be duplicated and/or omitted — the behavior is unsupported and could change in a future version. cand_sd_1_897a7e @ http://localhost:3000/_next/static/chunks/0aq__next_dist_0maxcm2._.js:3330
[ 1839082ms] [ERROR] Encountered two children with the same key, `%s`. Keys should be unique so that components maintain their identity across updates. Non-unique keys may cause children to be duplicated and/or omitted — the behavior is unsupported and could change in a future version. cand_sd_1_9d34be @ http://localhost:3000/_next/static/chunks/0aq__next_dist_0maxcm2._.js:3330
[ 1844155ms] [ERROR] Encountered two children with the same key, `%s`. Keys should be unique so that components maintain their identity across updates. Non-unique keys may cause children to be duplicated and/or omitted — the behavior is unsupported and could change in a future version. cand_sd_1_897a7e @ http://localhost:3000/_next/static/chunks/0aq__next_dist_0maxcm2._.js:3330
[ 1844155ms] [ERROR] Encountered two children with the same key, `%s`. Keys should be unique so that components maintain their identity across updates. Non-unique keys may cause children to be duplicated and/or omitted — the behavior is unsupported and could change in a future version. cand_sd_1_9d34be @ http://localhost:3000/_next/static/chunks/0aq__next_dist_0maxcm2._.js:3330
[ 1844155ms] [ERROR] Encountered two children with the same key, `%s`. Keys should be unique so that components maintain their identity across updates. Non-unique keys may cause children to be duplicated and/or omitted — the behavior is unsupported and could change in a future version. cand_sd_1_897a7e @ http://localhost:3000/_next/static/chunks/0aq__next_dist_0maxcm2._.js:3330
[ 1844155ms] [ERROR] Encountered two children with the same key, `%s`. Keys should be unique so that components maintain their identity across updates. Non-unique keys may cause children to be duplicated and/or omitted — the behavior is unsupported and could change in a future version. cand_sd_1_9d34be @ http://localhost:3000/_next/static/chunks/0aq__next_dist_0maxcm2._.js:3330
[ 1844155ms] [ERROR] Encountered two children with the same key, `%s`. Keys should be unique so that components maintain their identity across updates. Non-unique keys may cause children to be duplicated and/or omitted — the behavior is unsupported and could change in a future version. cand_sd_1_897a7e @ http://localhost:3000/_next/static/chunks/0aq__next_dist_0maxcm2._.js:3330
[ 1844155ms] [ERROR] Encountered two children with the same key, `%s`. Keys should be unique so that components maintain their identity across updates. Non-unique keys may cause children to be duplicated and/or omitted — the behavior is unsupported and could change in a future version. cand_sd_1_9d34be @ http://localhost:3000/_next/static/chunks/0aq__next_dist_0maxcm2._.js:3330
[ 1844155ms] [ERROR] Encountered two children with the same key, `%s`. Keys should be unique so that components maintain their identity across updates. Non-unique keys may cause children to be duplicated and/or omitted — the behavior is unsupported and could change in a future version. cand_sd_1_897a7e @ http://localhost:3000/_next/static/chunks/0aq__next_dist_0maxcm2._.js:3330
[ 1844155ms] [ERROR] Encountered two children with the same key, `%s`. Keys should be unique so that components maintain their identity across updates. Non-unique keys may cause children to be duplicated and/or omitted — the behavior is unsupported and could change in a future version. cand_sd_1_9d34be @ http://localhost:3000/_next/static/chunks/0aq__next_dist_0maxcm2._.js:3330
[ 1844155ms] [ERROR] Encountered two children with the same key, `%s`. Keys should be unique so that components maintain their identity across updates. Non-unique keys may cause children to be duplicated and/or omitted — the behavior is unsupported and could change in a future version. cand_sd_1_897a7e @ http://localhost:3000/_next/static/chunks/0aq__next_dist_0maxcm2._.js:3330
[ 1844156ms] [ERROR] Encountered two children with the same key, `%s`. Keys should be unique so that components maintain their identity across updates. Non-unique keys may cause children to be duplicated and/or omitted — the behavior is unsupported and could change in a future version. cand_sd_1_9d34be @ http://localhost:3000/_next/static/chunks/0aq__next_dist_0maxcm2._.js:3330
[ 1858727ms] [LOG] [Fast Refresh] rebuilding @ http://localhost:3000/_next/static/chunks/0aq__next_dist_0maxcm2._.js:2489
[ 1859023ms] [LOG] [Fast Refresh] done in 236ms @ http://localhost:3000/_next/static/chunks/0aq__next_dist_0maxcm2._.js:2489
[ 1859198ms] [LOG] [Fast Refresh] rebuilding @ http://localhost:3000/_next/static/chunks/0aq__next_dist_0maxcm2._.js:2489
[ 1859245ms] [LOG] [Fast Refresh] done in 148ms @ http://localhost:3000/_next/static/chunks/0aq__next_dist_0maxcm2._.js:2489
[ 1859325ms] [ERROR] Encountered two children with the same key, `%s`. Keys should be unique so that components maintain their identity across updates. Non-unique keys may cause children to be duplicated and/or omitted — the behavior is unsupported and could change in a future version. cand_sd_1_897a7e @ http://localhost:3000/_next/static/chunks/0aq__next_dist_0maxcm2._.js:3330
[ 1859325ms] [ERROR] Encountered two children with the same key, `%s`. Keys should be unique so that components maintain their identity across updates. Non-unique keys may cause children to be duplicated and/or omitted — the behavior is unsupported and could change in a future version. cand_sd_1_9d34be @ http://localhost:3000/_next/static/chunks/0aq__next_dist_0maxcm2._.js:3330
[ 1859325ms] [ERROR] Encountered two children with the same key, `%s`. Keys should be unique so that components maintain their identity across updates. Non-unique keys may cause children to be duplicated and/or omitted — the behavior is unsupported and could change in a future version. cand_sd_1_897a7e @ http://localhost:3000/_next/static/chunks/0aq__next_dist_0maxcm2._.js:3330
[ 1859325ms] [ERROR] Encountered two children with the same key, `%s`. Keys should be unique so that components maintain their identity across updates. Non-unique keys may cause children to be duplicated and/or omitted — the behavior is unsupported and could change in a future version. cand_sd_1_9d34be @ http://localhost:3000/_next/static/chunks/0aq__next_dist_0maxcm2._.js:3330
[ 1859326ms] [ERROR] Encountered two children with the same key, `%s`. Keys should be unique so that components maintain their identity across updates. Non-unique keys may cause children to be duplicated and/or omitted — the behavior is unsupported and could change in a future version. cand_sd_1_897a7e @ http://localhost:3000/_next/static/chunks/0aq__next_dist_0maxcm2._.js:3330
[ 1859326ms] [ERROR] Encountered two children with the same key, `%s`. Keys should be unique so that components maintain their identity across updates. Non-unique keys may cause children to be duplicated and/or omitted — the behavior is unsupported and could change in a future version. cand_sd_1_9d34be @ http://localhost:3000/_next/static/chunks/0aq__next_dist_0maxcm2._.js:3330
[ 1859326ms] [ERROR] Encountered two children with the same key, `%s`. Keys should be unique so that components maintain their identity across updates. Non-unique keys may cause children to be duplicated and/or omitted — the behavior is unsupported and could change in a future version. cand_sd_1_897a7e @ http://localhost:3000/_next/static/chunks/0aq__next_dist_0maxcm2._.js:3330
[ 1859327ms] [ERROR] Encountered two children with the same key, `%s`. Keys should be unique so that components maintain their identity across updates. Non-unique keys may cause children to be duplicated and/or omitted — the behavior is unsupported and could change in a future version. cand_sd_1_9d34be @ http://localhost:3000/_next/static/chunks/0aq__next_dist_0maxcm2._.js:3330
[ 1859327ms] [ERROR] Encountered two children with the same key, `%s`. Keys should be unique so that components maintain their identity across updates. Non-unique keys may cause children to be duplicated and/or omitted — the behavior is unsupported and could change in a future version. cand_sd_1_897a7e @ http://localhost:3000/_next/static/chunks/0aq__next_dist_0maxcm2._.js:3330
[ 1859327ms] [ERROR] Encountered two children with the same key, `%s`. Keys should be unique so that components maintain their identity across updates. Non-unique keys may cause children to be duplicated and/or omitted — the behavior is unsupported and could change in a future version. cand_sd_1_9d34be @ http://localhost:3000/_next/static/chunks/0aq__next_dist_0maxcm2._.js:3330
[ 1863985ms] [ERROR] Encountered two children with the same key, `%s`. Keys should be unique so that components maintain their identity across updates. Non-unique keys may cause children to be duplicated and/or omitted — the behavior is unsupported and could change in a future version. cand_sd_1_897a7e @ http://localhost:3000/_next/static/chunks/0aq__next_dist_0maxcm2._.js:3330
[ 1863986ms] [ERROR] Encountered two children with the same key, `%s`. Keys should be unique so that components maintain their identity across updates. Non-unique keys may cause children to be duplicated and/or omitted — the behavior is unsupported and could change in a future version. cand_sd_1_9d34be @ http://localhost:3000/_next/static/chunks/0aq__next_dist_0maxcm2._.js:3330
[ 1863986ms] [ERROR] Encountered two children with the same key, `%s`. Keys should be unique so that components maintain their identity across updates. Non-unique keys may cause children to be duplicated and/or omitted — the behavior is unsupported and could change in a future version. cand_sd_1_897a7e @ http://localhost:3000/_next/static/chunks/0aq__next_dist_0maxcm2._.js:3330
[ 1863986ms] [ERROR] Encountered two children with the same key, `%s`. Keys should be unique so that components maintain their identity across updates. Non-unique keys may cause children to be duplicated and/or omitted — the behavior is unsupported and could change in a future version. cand_sd_1_9d34be @ http://localhost:3000/_next/static/chunks/0aq__next_dist_0maxcm2._.js:3330
[ 1863986ms] [ERROR] Encountered two children with the same key, `%s`. Keys should be unique so that components maintain their identity across updates. Non-unique keys may cause children to be duplicated and/or omitted — the behavior is unsupported and could change in a future version. cand_sd_1_897a7e @ http://localhost:3000/_next/static/chunks/0aq__next_dist_0maxcm2._.js:3330
[ 1863986ms] [ERROR] Encountered two children with the same key, `%s`. Keys should be unique so that components maintain their identity across updates. Non-unique keys may cause children to be duplicated and/or omitted — the behavior is unsupported and could change in a future version. cand_sd_1_9d34be @ http://localhost:3000/_next/static/chunks/0aq__next_dist_0maxcm2._.js:3330
[ 1863986ms] [ERROR] Encountered two children with the same key, `%s`. Keys should be unique so that components maintain their identity across updates. Non-unique keys may cause children to be duplicated and/or omitted — the behavior is unsupported and could change in a future version. cand_sd_1_897a7e @ http://localhost:3000/_next/static/chunks/0aq__next_dist_0maxcm2._.js:3330
[ 1863986ms] [ERROR] Encountered two children with the same key, `%s`. Keys should be unique so that components maintain their identity across updates. Non-unique keys may cause children to be duplicated and/or omitted — the behavior is unsupported and could change in a future version. cand_sd_1_9d34be @ http://localhost:3000/_next/static/chunks/0aq__next_dist_0maxcm2._.js:3330
[ 1863986ms] [ERROR] Encountered two children with the same key, `%s`. Keys should be unique so that components maintain their identity across updates. Non-unique keys may cause children to be duplicated and/or omitted — the behavior is unsupported and could change in a future version. cand_sd_1_897a7e @ http://localhost:3000/_next/static/chunks/0aq__next_dist_0maxcm2._.js:3330
[ 1863986ms] [ERROR] Encountered two children with the same key, `%s`. Keys should be unique so that components maintain their identity across updates. Non-unique keys may cause children to be duplicated and/or omitted — the behavior is unsupported and could change in a future version. cand_sd_1_9d34be @ http://localhost:3000/_next/static/chunks/0aq__next_dist_0maxcm2._.js:3330
[ 1863986ms] [ERROR] Encountered two children with the same key, `%s`. Keys should be unique so that components maintain their identity across updates. Non-unique keys may cause children to be duplicated and/or omitted — the behavior is unsupported and could change in a future version. cand_sd_1_897a7e @ http://localhost:3000/_next/static/chunks/0aq__next_dist_0maxcm2._.js:3330
[ 1863986ms] [ERROR] Encountered two children with the same key, `%s`. Keys should be unique so that components maintain their identity across updates. Non-unique keys may cause children to be duplicated and/or omitted — the behavior is unsupported and could change in a future version. cand_sd_1_9d34be @ http://localhost:3000/_next/static/chunks/0aq__next_dist_0maxcm2._.js:3330
[ 1864019ms] [ERROR] Encountered two children with the same key, `%s`. Keys should be unique so that components maintain their identity across updates. Non-unique keys may cause children to be duplicated and/or omitted — the behavior is unsupported and could change in a future version. cand_sd_1_897a7e @ http://localhost:3000/_next/static/chunks/0aq__next_dist_0maxcm2._.js:3330
[ 1864019ms] [ERROR] Encountered two children with the same key, `%s`. Keys should be unique so that components maintain their identity across updates. Non-unique keys may cause children to be duplicated and/or omitted — the behavior is unsupported and could change in a future version. cand_sd_1_9d34be @ http://localhost:3000/_next/static/chunks/0aq__next_dist_0maxcm2._.js:3330
[ 1864019ms] [ERROR] Encountered two children with the same key, `%s`. Keys should be unique so that components maintain their identity across updates. Non-unique keys may cause children to be duplicated and/or omitted — the behavior is unsupported and could change in a future version. cand_sd_1_897a7e @ http://localhost:3000/_next/static/chunks/0aq__next_dist_0maxcm2._.js:3330
[ 1864019ms] [ERROR] Encountered two children with the same key, `%s`. Keys should be unique so that components maintain their identity across updates. Non-unique keys may cause children to be duplicated and/or omitted — the behavior is unsupported and could change in a future version. cand_sd_1_9d34be @ http://localhost:3000/_next/static/chunks/0aq__next_dist_0maxcm2._.js:3330
[ 1864019ms] [ERROR] Encountered two children with the same key, `%s`. Keys should be unique so that components maintain their identity across updates. Non-unique keys may cause children to be duplicated and/or omitted — the behavior is unsupported and could change in a future version. cand_sd_1_897a7e @ http://localhost:3000/_next/static/chunks/0aq__next_dist_0maxcm2._.js:3330
[ 1864020ms] [ERROR] Encountered two children with the same key, `%s`. Keys should be unique so that components maintain their identity across updates. Non-unique keys may cause children to be duplicated and/or omitted — the behavior is unsupported and could change in a future version. cand_sd_1_9d34be @ http://localhost:3000/_next/static/chunks/0aq__next_dist_0maxcm2._.js:3330
[ 1864020ms] [ERROR] Encountered two children with the same key, `%s`. Keys should be unique so that components maintain their identity across updates. Non-unique keys may cause children to be duplicated and/or omitted — the behavior is unsupported and could change in a future version. cand_sd_1_897a7e @ http://localhost:3000/_next/static/chunks/0aq__next_dist_0maxcm2._.js:3330
[ 1864020ms] [ERROR] Encountered two children with the same key, `%s`. Keys should be unique so that components maintain their identity across updates. Non-unique keys may cause children to be duplicated and/or omitted — the behavior is unsupported and could change in a future version. cand_sd_1_9d34be @ http://localhost:3000/_next/static/chunks/0aq__next_dist_0maxcm2._.js:3330
[ 1864020ms] [ERROR] Encountered two children with the same key, `%s`. Keys should be unique so that components maintain their identity across updates. Non-unique keys may cause children to be duplicated and/or omitted — the behavior is unsupported and could change in a future version. cand_sd_1_897a7e @ http://localhost:3000/_next/static/chunks/0aq__next_dist_0maxcm2._.js:3330
[ 1864020ms] [ERROR] Encountered two children with the same key, `%s`. Keys should be unique so that components maintain their identity across updates. Non-unique keys may cause children to be duplicated and/or omitted — the behavior is unsupported and could change in a future version. cand_sd_1_9d34be @ http://localhost:3000/_next/static/chunks/0aq__next_dist_0maxcm2._.js:3330
[ 1864020ms] [ERROR] Encountered two children with the same key, `%s`. Keys should be unique so that components maintain their identity across updates. Non-unique keys may cause children to be duplicated and/or omitted — the behavior is unsupported and could change in a future version. cand_sd_1_897a7e @ http://localhost:3000/_next/static/chunks/0aq__next_dist_0maxcm2._.js:3330
[ 1864020ms] [ERROR] Encountered two children with the same key, `%s`. Keys should be unique so that components maintain their identity across updates. Non-unique keys may cause children to be duplicated and/or omitted — the behavior is unsupported and could change in a future version. cand_sd_1_9d34be @ http://localhost:3000/_next/static/chunks/0aq__next_dist_0maxcm2._.js:3330
[ 1890803ms] [LOG] [Fast Refresh] rebuilding @ http://localhost:3000/_next/static/chunks/0aq__next_dist_0maxcm2._.js:2489
[ 1890844ms] [LOG] [Fast Refresh] done in 144ms @ http://localhost:3000/_next/static/chunks/0aq__next_dist_0maxcm2._.js:2489
[ 1946376ms] [INFO] %cDownload the React DevTools for a better development experience: https://react.dev/link/react-devtools font-weight:bold @ http://localhost:3000/_next/static/chunks/0aq__next_dist_0maxcm2._.js:2489
[ 1946396ms] [LOG] [HMR] connected @ http://localhost:3000/_next/static/chunks/0aq__next_dist_0maxcm2._.js:2489
[ 1947596ms] [ERROR] Encountered two children with the same key, `%s`. Keys should be unique so that components maintain their identity across updates. Non-unique keys may cause children to be duplicated and/or omitted — the behavior is unsupported and could change in a future version. cand_sd_1_897a7e @ http://localhost:3000/_next/static/chunks/0aq__next_dist_0maxcm2._.js:3330
[ 1947597ms] [ERROR] Encountered two children with the same key, `%s`. Keys should be unique so that components maintain their identity across updates. Non-unique keys may cause children to be duplicated and/or omitted — the behavior is unsupported and could change in a future version. cand_sd_1_9d34be @ http://localhost:3000/_next/static/chunks/0aq__next_dist_0maxcm2._.js:3330
[ 1947597ms] [ERROR] Encountered two children with the same key, `%s`. Keys should be unique so that components maintain their identity across updates. Non-unique keys may cause children to be duplicated and/or omitted — the behavior is unsupported and could change in a future version. cand_sd_1_897a7e @ http://localhost:3000/_next/static/chunks/0aq__next_dist_0maxcm2._.js:3330
[ 1947597ms] [ERROR] Encountered two children with the same key, `%s`. Keys should be unique so that components maintain their identity across updates. Non-unique keys may cause children to be duplicated and/or omitted — the behavior is unsupported and could change in a future version. cand_sd_1_9d34be @ http://localhost:3000/_next/static/chunks/0aq__next_dist_0maxcm2._.js:3330
[ 1947597ms] [ERROR] Encountered two children with the same key, `%s`. Keys should be unique so that components maintain their identity across updates. Non-unique keys may cause children to be duplicated and/or omitted — the behavior is unsupported and could change in a future version. cand_sd_1_897a7e @ http://localhost:3000/_next/static/chunks/0aq__next_dist_0maxcm2._.js:3330
[ 1947598ms] [ERROR] Encountered two children with the same key, `%s`. Keys should be unique so that components maintain their identity across updates. Non-unique keys may cause children to be duplicated and/or omitted — the behavior is unsupported and could change in a future version. cand_sd_1_9d34be @ http://localhost:3000/_next/static/chunks/0aq__next_dist_0maxcm2._.js:3330
[ 1947598ms] [ERROR] Encountered two children with the same key, `%s`. Keys should be unique so that components maintain their identity across updates. Non-unique keys may cause children to be duplicated and/or omitted — the behavior is unsupported and could change in a future version. cand_sd_1_897a7e @ http://localhost:3000/_next/static/chunks/0aq__next_dist_0maxcm2._.js:3330
[ 1947598ms] [ERROR] Encountered two children with the same key, `%s`. Keys should be unique so that components maintain their identity across updates. Non-unique keys may cause children to be duplicated and/or omitted — the behavior is unsupported and could change in a future version. cand_sd_1_9d34be @ http://localhost:3000/_next/static/chunks/0aq__next_dist_0maxcm2._.js:3330
[ 1947598ms] [ERROR] Encountered two children with the same key, `%s`. Keys should be unique so that components maintain their identity across updates. Non-unique keys may cause children to be duplicated and/or omitted — the behavior is unsupported and could change in a future version. cand_sd_1_897a7e @ http://localhost:3000/_next/static/chunks/0aq__next_dist_0maxcm2._.js:3330
[ 1947598ms] [ERROR] Encountered two children with the same key, `%s`. Keys should be unique so that components maintain their identity across updates. Non-unique keys may cause children to be duplicated and/or omitted — the behavior is unsupported and could change in a future version. cand_sd_1_9d34be @ http://localhost:3000/_next/static/chunks/0aq__next_dist_0maxcm2._.js:3330
[ 1947599ms] [ERROR] Encountered two children with the same key, `%s`. Keys should be unique so that components maintain their identity across updates. Non-unique keys may cause children to be duplicated and/or omitted — the behavior is unsupported and could change in a future version. cand_sd_1_897a7e @ http://localhost:3000/_next/static/chunks/0aq__next_dist_0maxcm2._.js:3330
[ 1947599ms] [ERROR] Encountered two children with the same key, `%s`. Keys should be unique so that components maintain their identity across updates. Non-unique keys may cause children to be duplicated and/or omitted — the behavior is unsupported and could change in a future version. cand_sd_1_9d34be @ http://localhost:3000/_next/static/chunks/0aq__next_dist_0maxcm2._.js:3330
[ 1947599ms] [ERROR] Encountered two children with the same key, `%s`. Keys should be unique so that components maintain their identity across updates. Non-unique keys may cause children to be duplicated and/or omitted — the behavior is unsupported and could change in a future version. cand_sd_1_897a7e @ http://localhost:3000/_next/static/chunks/0aq__next_dist_0maxcm2._.js:3330
[ 1947599ms] [ERROR] Encountered two children with the same key, `%s`. Keys should be unique so that components maintain their identity across updates. Non-unique keys may cause children to be duplicated and/or omitted — the behavior is unsupported and could change in a future version. cand_sd_1_9d34be @ http://localhost:3000/_next/static/chunks/0aq__next_dist_0maxcm2._.js:3330
[ 1947599ms] [ERROR] Encountered two children with the same key, `%s`. Keys should be unique so that components maintain their identity across updates. Non-unique keys may cause children to be duplicated and/or omitted — the behavior is unsupported and could change in a future version. cand_sd_1_897a7e @ http://localhost:3000/_next/static/chunks/0aq__next_dist_0maxcm2._.js:3330
[ 1947599ms] [ERROR] Encountered two children with the same key, `%s`. Keys should be unique so that components maintain their identity across updates. Non-unique keys may cause children to be duplicated and/or omitted — the behavior is unsupported and could change in a future version. cand_sd_1_9d34be @ http://localhost:3000/_next/static/chunks/0aq__next_dist_0maxcm2._.js:3330
[ 1947654ms] [ERROR] Encountered two children with the same key, `%s`. Keys should be unique so that components maintain their identity across updates. Non-unique keys may cause children to be duplicated and/or omitted — the behavior is unsupported and could change in a future version. cand_sd_1_897a7e @ http://localhost:3000/_next/static/chunks/0aq__next_dist_0maxcm2._.js:3330
[ 1947655ms] [ERROR] Encountered two children with the same key, `%s`. Keys should be unique so that components maintain their identity across updates. Non-unique keys may cause children to be duplicated and/or omitted — the behavior is unsupported and could change in a future version. cand_sd_1_9d34be @ http://localhost:3000/_next/static/chunks/0aq__next_dist_0maxcm2._.js:3330
[ 1947655ms] [ERROR] Encountered two children with the same key, `%s`. Keys should be unique so that components maintain their identity across updates. Non-unique keys may cause children to be duplicated and/or omitted — the behavior is unsupported and could change in a future version. cand_sd_1_897a7e @ http://localhost:3000/_next/static/chunks/0aq__next_dist_0maxcm2._.js:3330
[ 1947655ms] [ERROR] Encountered two children with the same key, `%s`. Keys should be unique so that components maintain their identity across updates. Non-unique keys may cause children to be duplicated and/or omitted — the behavior is unsupported and could change in a future version. cand_sd_1_9d34be @ http://localhost:3000/_next/static/chunks/0aq__next_dist_0maxcm2._.js:3330
[ 1947655ms] [ERROR] Encountered two children with the same key, `%s`. Keys should be unique so that components maintain their identity across updates. Non-unique keys may cause children to be duplicated and/or omitted — the behavior is unsupported and could change in a future version. cand_sd_1_897a7e @ http://localhost:3000/_next/static/chunks/0aq__next_dist_0maxcm2._.js:3330
[ 1947655ms] [ERROR] Encountered two children with the same key, `%s`. Keys should be unique so that components maintain their identity across updates. Non-unique keys may cause children to be duplicated and/or omitted — the behavior is unsupported and could change in a future version. cand_sd_1_9d34be @ http://localhost:3000/_next/static/chunks/0aq__next_dist_0maxcm2._.js:3330
[ 1947657ms] [ERROR] Encountered two children with the same key, `%s`. Keys should be unique so that components maintain their identity across updates. Non-unique keys may cause children to be duplicated and/or omitted — the behavior is unsupported and could change in a future version. cand_sd_1_897a7e @ http://localhost:3000/_next/static/chunks/0aq__next_dist_0maxcm2._.js:3330
[ 1947657ms] [ERROR] Encountered two children with the same key, `%s`. Keys should be unique so that components maintain their identity across updates. Non-unique keys may cause children to be duplicated and/or omitted — the behavior is unsupported and could change in a future version. cand_sd_1_9d34be @ http://localhost:3000/_next/static/chunks/0aq__next_dist_0maxcm2._.js:3330
[ 1947657ms] [ERROR] Encountered two children with the same key, `%s`. Keys should be unique so that components maintain their identity across updates. Non-unique keys may cause children to be duplicated and/or omitted — the behavior is unsupported and could change in a future version. cand_sd_1_897a7e @ http://localhost:3000/_next/static/chunks/0aq__next_dist_0maxcm2._.js:3330
[ 1947657ms] [ERROR] Encountered two children with the same key, `%s`. Keys should be unique so that components maintain their identity across updates. Non-unique keys may cause children to be duplicated and/or omitted — the behavior is unsupported and could change in a future version. cand_sd_1_9d34be @ http://localhost:3000/_next/static/chunks/0aq__next_dist_0maxcm2._.js:3330
[ 1947657ms] [ERROR] Encountered two children with the same key, `%s`. Keys should be unique so that components maintain their identity across updates. Non-unique keys may cause children to be duplicated and/or omitted — the behavior is unsupported and could change in a future version. cand_sd_1_897a7e @ http://localhost:3000/_next/static/chunks/0aq__next_dist_0maxcm2._.js:3330
[ 1947657ms] [ERROR] Encountered two children with the same key, `%s`. Keys should be unique so that components maintain their identity across updates. Non-unique keys may cause children to be duplicated and/or omitted — the behavior is unsupported and could change in a future version. cand_sd_1_9d34be @ http://localhost:3000/_next/static/chunks/0aq__next_dist_0maxcm2._.js:3330
[ 1947657ms] [ERROR] Encountered two children with the same key, `%s`. Keys should be unique so that components maintain their identity across updates. Non-unique keys may cause children to be duplicated and/or omitted — the behavior is unsupported and could change in a future version. cand_sd_1_897a7e @ http://localhost:3000/_next/static/chunks/0aq__next_dist_0maxcm2._.js:3330
[ 1947658ms] [ERROR] Encountered two children with the same key, `%s`. Keys should be unique so that components maintain their identity across updates. Non-unique keys may cause children to be duplicated and/or omitted — the behavior is unsupported and could change in a future version. cand_sd_1_9d34be @ http://localhost:3000/_next/static/chunks/0aq__next_dist_0maxcm2._.js:3330
[ 1947658ms] [ERROR] Encountered two children with the same key, `%s`. Keys should be unique so that components maintain their identity across updates. Non-unique keys may cause children to be duplicated and/or omitted — the behavior is unsupported and could change in a future version. cand_sd_1_897a7e @ http://localhost:3000/_next/static/chunks/0aq__next_dist_0maxcm2._.js:3330
[ 1947658ms] [ERROR] Encountered two children with the same key, `%s`. Keys should be unique so that components maintain their identity across updates. Non-unique keys may cause children to be duplicated and/or omitted — the behavior is unsupported and could change in a future version. cand_sd_1_9d34be @ http://localhost:3000/_next/static/chunks/0aq__next_dist_0maxcm2._.js:3330
[ 2085059ms] [INFO] %cDownload the React DevTools for a better development experience: https://react.dev/link/react-devtools font-weight:bold @ http://localhost:3000/_next/static/chunks/0aq__next_dist_0maxcm2._.js:2489
[ 2085080ms] [LOG] [HMR] connected @ http://localhost:3000/_next/static/chunks/0aq__next_dist_0maxcm2._.js:2489
[ 2100633ms] [LOG] [Fast Refresh] rebuilding @ http://localhost:3000/_next/static/chunks/0aq__next_dist_0maxcm2._.js:2489
[ 2100659ms] [LOG] [Fast Refresh] done in 126ms @ http://localhost:3000/_next/static/chunks/0aq__next_dist_0maxcm2._.js:2489
[ 2100696ms] [INFO] %cDownload the React DevTools for a better development experience: https://react.dev/link/react-devtools font-weight:bold @ http://localhost:3000/_next/static/chunks/0aq__next_dist_0maxcm2._.js:2489
[ 2100724ms] [LOG] [HMR] connected @ http://localhost:3000/_next/static/chunks/0aq__next_dist_0maxcm2._.js:2489
[ 2114954ms] [LOG] [Fast Refresh] rebuilding @ http://localhost:3000/_next/static/chunks/0aq__next_dist_0maxcm2._.js:2489
[ 2115073ms] [LOG] [Fast Refresh] done in 221ms @ http://localhost:3000/_next/static/chunks/0aq__next_dist_0maxcm2._.js:2489
[ 2115145ms] [INFO] %cDownload the React DevTools for a better development experience: https://react.dev/link/react-devtools font-weight:bold @ http://localhost:3000/_next/static/chunks/0aq__next_dist_0maxcm2._.js:2489
[ 2115165ms] [LOG] [HMR] connected @ http://localhost:3000/_next/static/chunks/0aq__next_dist_0maxcm2._.js:2489
[ 2141104ms] [INFO] %cDownload the React DevTools for a better development experience: https://react.dev/link/react-devtools font-weight:bold @ http://localhost:3000/_next/static/chunks/0aq__next_dist_0maxcm2._.js:2489
[ 2141132ms] [LOG] [HMR] connected @ http://localhost:3000/_next/static/chunks/0aq__next_dist_0maxcm2._.js:2489
[ 2217847ms] [LOG] [Fast Refresh] rebuilding @ http://localhost:3000/_next/static/chunks/0aq__next_dist_0maxcm2._.js:2489
[ 2218198ms] [LOG] [Fast Refresh] done in 74ms @ http://localhost:3000/_next/static/chunks/0aq__next_dist_0maxcm2._.js:2489
[ 2221982ms] [LOG] [Fast Refresh] rebuilding @ http://localhost:3000/_next/static/chunks/0aq__next_dist_0maxcm2._.js:2489
[ 2222194ms] [LOG] [Fast Refresh] done in 80ms @ http://localhost:3000/_next/static/chunks/0aq__next_dist_0maxcm2._.js:2489
[ 2255432ms] [LOG] [Fast Refresh] rebuilding @ http://localhost:3000/_next/static/chunks/0aq__next_dist_0maxcm2._.js:2489
[ 2255493ms] [LOG] [Fast Refresh] done in 161ms @ http://localhost:3000/_next/static/chunks/0aq__next_dist_0maxcm2._.js:2489
[ 2255546ms] [INFO] %cDownload the React DevTools for a better development experience: https://react.dev/link/react-devtools font-weight:bold @ http://localhost:3000/_next/static/chunks/0aq__next_dist_0maxcm2._.js:2489
[ 2255563ms] [LOG] [HMR] connected @ http://localhost:3000/_next/static/chunks/0aq__next_dist_0maxcm2._.js:2489
[ 2260100ms] [ERROR] Failed to load resource: the server responded with a status of 500 (Internal Server Error) @ http://localhost:3000/api/demo/advance:0
[ 2260859ms] [ERROR] Failed to load resource: the server responded with a status of 500 (Internal Server Error) @ http://localhost:3000/api/demo/advance:0
[ 2306961ms] [LOG] [Fast Refresh] rebuilding @ http://localhost:3000/_next/static/chunks/0aq__next_dist_0maxcm2._.js:2489
[ 2306966ms] [LOG] [Fast Refresh] done in 107ms @ http://localhost:3000/_next/static/chunks/0aq__next_dist_0maxcm2._.js:2489
[ 2342998ms] [INFO] %cDownload the React DevTools for a better development experience: https://react.dev/link/react-devtools font-weight:bold @ http://localhost:3000/_next/static/chunks/0aq__next_dist_0maxcm2._.js:2489
[ 2343012ms] [LOG] [HMR] connected @ http://localhost:3000/_next/static/chunks/0aq__next_dist_0maxcm2._.js:2489
[ 2343061ms] [ERROR] Encountered two children with the same key, `%s`. Keys should be unique so that components maintain their identity across updates. Non-unique keys may cause children to be duplicated and/or omitted — the behavior is unsupported and could change in a future version. cand_sd_1_897a7e @ http://localhost:3000/_next/static/chunks/0aq__next_dist_0maxcm2._.js:3330
[ 2343061ms] [ERROR] Encountered two children with the same key, `%s`. Keys should be unique so that components maintain their identity across updates. Non-unique keys may cause children to be duplicated and/or omitted — the behavior is unsupported and could change in a future version. cand_sd_1_9d34be @ http://localhost:3000/_next/static/chunks/0aq__next_dist_0maxcm2._.js:3330
[ 2482791ms] [LOG] [Fast Refresh] rebuilding @ http://localhost:3000/_next/static/chunks/0aq__next_dist_0maxcm2._.js:2489
[ 2483020ms] [LOG] [Fast Refresh] done in 74ms @ http://localhost:3000/_next/static/chunks/0aq__next_dist_0maxcm2._.js:2489
[ 2488375ms] [INFO] %cDownload the React DevTools for a better development experience: https://react.dev/link/react-devtools font-weight:bold @ http://localhost:3000/_next/static/chunks/0aq__next_dist_0maxcm2._.js:2489
[ 2488397ms] [LOG] [HMR] connected @ http://localhost:3000/_next/static/chunks/0aq__next_dist_0maxcm2._.js:2489
[ 2516176ms] [INFO] %cDownload the React DevTools for a better development experience: https://react.dev/link/react-devtools font-weight:bold @ http://localhost:3000/_next/static/chunks/0aq__next_dist_0maxcm2._.js:2489
[ 2516191ms] [LOG] [HMR] connected @ http://localhost:3000/_next/static/chunks/0aq__next_dist_0maxcm2._.js:2489
[ 2516255ms] [ERROR] Failed to load resource: the server responded with a status of 404 (Not Found) @ http://localhost:3000/api/feed/usr_does_not_exist:0
[ 2516255ms] [ERROR] Live feed fetch failed, falling back to mock: Error: API failed
    at TodayPage.useEffect.fetchFeed (http://localhost:3000/_next/static/chunks/web_0k1jc-i._.js:1013:44) @ http://localhost:3000/_next/static/chunks/0aq__next_dist_0maxcm2._.js:3330
[ 2533784ms] [LOG] [Fast Refresh] rebuilding @ http://localhost:3000/_next/static/chunks/0aq__next_dist_0maxcm2._.js:2489
[ 2533829ms] [LOG] [Fast Refresh] done in 146ms @ http://localhost:3000/_next/static/chunks/0aq__next_dist_0maxcm2._.js:2489
[ 2533897ms] [INFO] %cDownload the React DevTools for a better development experience: https://react.dev/link/react-devtools font-weight:bold @ http://localhost:3000/_next/static/chunks/0aq__next_dist_0maxcm2._.js:2489
[ 2533920ms] [LOG] [HMR] connected @ http://localhost:3000/_next/static/chunks/0aq__next_dist_0maxcm2._.js:2489
[ 2534081ms] [ERROR] Failed to load resource: the server responded with a status of 404 (Not Found) @ http://localhost:3000/api/self/usr_does_not_exist:0
[ 2534081ms] [ERROR] Live SelfState fetch failed, falling back to mock: Error: API failed
    at SelfTwinPage.useEffect.fetchSelfState (http://localhost:3000/_next/static/chunks/web_1ga0abj._.js:782:44) @ http://localhost:3000/_next/static/chunks/0aq__next_dist_0maxcm2._.js:3330
[ 2536059ms] [INFO] %cDownload the React DevTools for a better development experience: https://react.dev/link/react-devtools font-weight:bold @ http://localhost:3000/_next/static/chunks/0aq__next_dist_0maxcm2._.js:2489
[ 2536073ms] [LOG] [HMR] connected @ http://localhost:3000/_next/static/chunks/0aq__next_dist_0maxcm2._.js:2489
[ 2536120ms] [ERROR] Failed to load resource: the server responded with a status of 404 (Not Found) @ http://localhost:3000/api/decisions/usr_does_not_exist:0
[ 2536120ms] [ERROR] Live decision log fetch failed, falling back to mock: Error: API failed
    at WhyPage.useEffect.fetchDecisions (http://localhost:3000/_next/static/chunks/web_1_i3d9v._.js:562:44) @ http://localhost:3000/_next/static/chunks/0aq__next_dist_0maxcm2._.js:3330
